{'type': 'send', 'payload': '=== f$a fields ==='}
{'type': 'send', 'payload': 'private java.lang.String com.netease.mpay.oversea.j.a.f$a.a'}
{'type': 'send', 'payload': 'private java.lang.String com.netease.mpay.oversea.j.a.f$a.b'}
{'type': 'send', 'payload': 'private java.lang.String com.netease.mpay.oversea.j.a.f$a.c'}
{'type': 'send', 'payload': 'private java.lang.String com.netease.mpay.oversea.j.a.f$a.d'}
{'type': 'send', 'payload': 'private com.netease.mpay.oversea.j.a.g com.netease.mpay.oversea.j.a.f$a.e'}
{'type': 'send', 'payload': 'private java.util.ArrayList com.netease.mpay.oversea.j.a.f$a.f'}
{'type': 'send', 'payload': 'private java.lang.String com.netease.mpay.oversea.j.a.f$a.g'}
{'type': 'send', 'payload': 'private com.netease.mpay.oversea.j.a.f com.netease.mpay.oversea.j.a.f$a.h'}
{'type': 'send', 'payload': 'private boolean com.netease.mpay.oversea.j.a.f$a.i'}
{'type': 'send', 'payload': 'private com.netease.mpay.oversea.j.a.g com.netease.mpay.oversea.j.a.f$a.j'}
{'type': 'send', 'payload': 'private boolean com.netease.mpay.oversea.j.a.f$a.k'}
{'type': 'send', 'payload': 'private java.lang.String com.netease.mpay.oversea.j.a.f$a.l'}
{'type': 'send', 'payload': 'private int com.netease.mpay.oversea.j.a.f$a.m'}
{'type': 'send', 'payload': 'private int com.netease.mpay.oversea.j.a.f$a.n'}
{'type': 'send', 'payload': '=== f$a constructors ==='}
{'type': 'send', 'payload': 'public com.netease.mpay.oversea.j.a.f$a(java.lang.String,java.lang.String,java.lang.String,java.lang.String,com.netease.mpay.oversea.j.a.g,java.lang.String,java.util.ArrayList,java.lang.Boolean)'}
{'type': 'send', 'payload': '=== f$a methods (non-inherited) ==='}
{'type': 'send', 'payload': 'private void com.netease.mpay.oversea.j.a.f$a.b(com.netease.mpay.oversea.j.a.f)'}
{'type': 'send', 'payload': 'public com.netease.mpay.oversea.j.a.f$a com.netease.mpay.oversea.j.a.f$a.a(int)'}
{'type': 'send', 'payload': 'public com.netease.mpay.oversea.j.a.f$a com.netease.mpay.oversea.j.a.f$a.a(com.netease.mpay.oversea.d.g)'}
{'type': 'send', 'payload': 'public com.netease.mpay.oversea.j.a.f$a com.netease.mpay.oversea.j.a.f$a.a(com.netease.mpay.oversea.j.a.f)'}
{'type': 'send', 'payload': 'public com.netease.mpay.oversea.j.a.f$a com.netease.mpay.oversea.j.a.f$a.a(com.netease.mpay.oversea.j.a.g)'}
{'type': 'send', 'payload': 'public com.netease.mpay.oversea.j.a.f$a com.netease.mpay.oversea.j.a.f$a.a(java.lang.String)'}
{'type': 'send', 'payload': 'public com.netease.mpay.oversea.j.a.f com.netease.mpay.oversea.j.a.f$a.a()'}
{'type': 'send', 'payload': 'public com.netease.mpay.oversea.j.a.f$a com.netease.mpay.oversea.j.a.f$a.b(int)'}
{'type': 'send', 'payload': '=== f fields ==='}
{'type': 'send', 'payload': 'public java.lang.String com.netease.mpay.oversea.j.a.f.a'}
{'type': 'send', 'payload': 'public java.lang.String com.netease.mpay.oversea.j.a.f.b'}
{'type': 'send', 'payload': 'public java.lang.String com.netease.mpay.oversea.j.a.f.c'}
{'type': 'send', 'payload': 'public java.lang.String com.netease.mpay.oversea.j.a.f.d'}
{'type': 'send', 'payload': 'public java.lang.String com.netease.mpay.oversea.j.a.f.e'}
{'type': 'send', 'payload': 'public com.netease.mpay.oversea.j.a.g com.netease.mpay.oversea.j.a.f.f'}
{'type': 'send', 'payload': 'public com.netease.mpay.oversea.j.a.g com.netease.mpay.oversea.j.a.f.g'}
{'type': 'send', 'payload': 'public java.util.ArrayList com.netease.mpay.oversea.j.a.f.h'}
{'type': 'send', 'payload': 'public java.lang.String com.netease.mpay.oversea.j.a.f.i'}
{'type': 'send', 'payload': 'public boolean com.netease.mpay.oversea.j.a.f.j'}
{'type': 'send', 'payload': 'public boolean com.netease.mpay.oversea.j.a.f.k'}
{'type': 'send', 'payload': 'public int com.netease.mpay.oversea.j.a.f.l'}
{'type': 'send', 'payload': 'public int com.netease.mpay.oversea.j.a.f.m'}
{'type': 'send', 'payload': 'public int com.netease.mpay.oversea.j.a.f.n'}
{'type': 'send', 'payload': 'public boolean com.netease.mpay.oversea.j.a.f.o'}
{'type': 'send', 'payload': 'public java.lang.String com.netease.mpay.oversea.j.a.f.p'}
{'type': 'send', 'payload': 'private java.util.HashMap com.netease.mpay.oversea.j.a.f.q'}
{'type': 'send', 'payload': '=== f constructors ==='}
{'type': 'send', 'payload': 'private com.netease.mpay.oversea.j.a.f(java.lang.String,java.lang.String,java.lang.String,java.lang.String,java.lang.String,com.netease.mpay.oversea.j.a.g,java.lang.String,java.util.ArrayList,int,int)'}
{'type': 'send', 'payload': 'com.netease.mpay.oversea.j.a.f(java.lang.String,java.lang.String,java.lang.String,java.lang.String,java.lang.String,com.netease.mpay.oversea.j.a.g,java.lang.String,java.util.ArrayList,int,int,com.netease.mpay.oversea.j.a.f$1)'}
