T14-complete plist: 560 bytes
T18 server_list_ad.txt: 122 bytes
09:30:17 === local_baseapp_capture START ===
09:30:17 === HTTP plain :80 ===
09:30:17 === HTTP TLS :443 ===
09:30:17 === HTTP TLS :8443 ===
09:30:17 === FAKE LOGINAPP UDP :25000 LISTENING (will reply with LoginReplyRecord) ===
09:30:17 === FAKE BASEAPP UDP :25010 LISTENING (capture-only, no reply) ===
09:30:17 All listeners started. Waiting...
REQ GET /pl/h45na_hc host=g61.update.easebar.com len=0
  -> SERVE h45na_hc (empty hash check -> no patches)
REQ GET /pl/npk_version_na_android.plist host=g61.update.easebar.com len=0
  -> SERVE T14-fixed plist (560 bytes)
REQ GET /v1 host=whoami.nie.easebar.com len=0
  -> SERVE whoami /v1
REQ GET /lighten/pharos_isp.txt host=impression.update.netease.com len=0
  -> SERVE pharos_isp.txt
REQ GET /server_list_ad.txt host=h45na.update.easebar.com len=0
  -> SERVE server_list_ad.txt (122 bytes)
REQ GET /server_list_ad.txt host=h45na.update.easebar.com len=0
  -> SERVE server_list_ad.txt (122 bytes)
09:30:47 LOGINAPP UDP RECV 9 bytes from 127.0.0.1:61281
REQ POST / host=sigma-keypoint-h45na.proxima.nie.easebar.com len=328
  BODY b'{"keypoint": "requestServerList", "extraData": "{\\"success\\": true}", "time": 1789435847.716424, "udid": "11178811c6a412d9", "device": "#22081212C#Qualcomm Technologies, Inc MSM8998#4#0#Adreno (TM) 750", "package_version": "1.610377.506841", "patch_version": "1.0.0.en", "sequence": 0, "os_name": "Android", "os_version": "Pie"}'
  -> SERVE root / (200 OK)
09:30:47   HEX: 68656c6c6f20726f73
09:30:47 LOGINAPP UDP SENT framed reply (13 bytes) to 127.0.0.1:61281: 0100ff04000000000000000000
REQ POST / host=sigma-keypoint-h45na.proxima.nie.easebar.com len=288
  BODY b'{"keypoint": "channelLogin", "time": 1789435847.7245679, "udid": "11178811c6a412d9", "device": "#22081212C#Qualcomm Technologies, Inc MSM8998#4#0#Adreno (TM) 750", "package_version": "1.610377.506841", "patch_version": "1.0.0.en", "sequence": 0, "os_name": "Android", "os_version": "Pie"}'
  -> SERVE root / (200 OK)
09:30:47 LOGINAPP UDP RECV 9 bytes from 127.0.0.1:61282
09:30:47   HEX: 68656c6c6f20726f73
09:30:47 LOGINAPP UDP SENT framed reply (13 bytes) to 127.0.0.1:61282: 0100ff04000000000000000000
09:30:47 LOGINAPP UDP RECV 9 bytes from 127.0.0.1:61283
09:30:47   HEX: 68656c6c6f20726f73
09:30:47 LOGINAPP UDP SENT framed reply (13 bytes) to 127.0.0.1:61283: 0100ff04000000000000000000
09:30:47 LOGINAPP UDP RECV 9 bytes from 127.0.0.1:61284
09:30:47   HEX: 68656c6c6f20726f73
09:30:47 LOGINAPP UDP SENT framed reply (13 bytes) to 127.0.0.1:61284: 0100ff04000000000000000000
REQ GET /internalquery host=nstool.netease.com len=0
  -> SERVE internalquery
REQ POST /client/mobile_upload/ host=data-detect.nie.netease.com len=821
  BODY b'{"product":"h45na","server_name":"test","server_port":"0","data_type":"1","os":"Android","os_version":"9","mobile_type":"Redmi 22081212C","collect_condition":"32","server_list_host":"g61.update.easebar.com","ip_server_list_host":"2405:3200:500:19f::f4d","channel_name":"netease_global","start_time":"1789435849","finish_time":"1789435850","url":"g61.update.easebar.com/pl/npk_version_na_android.plist","push_time":"1789435849","device_model":"22081212C","download_id":"87ad15a4dd2f421fbfb0586b82fa9f70","projec
REQ GET /internalquery host=nstool.netease.com len=0
  -> SERVE internalquery
REQ POST /client/mobile_upload/ host=data-detect.nie.netease.com len=620
  BODY b'{"product":"h45na","server_name":"test","server_port":"0","data_type":"1","os":"Android","os_version":"9","mobile_type":"Redmi 22081212C","collect_condition":"33","channel_name":"netease_global","start_time":"1789435850","finish_time":"1789435850","push_time":"1789435849","device_model":"22081212C","project":"h45na","source":"netease_p1","time_cost":"50","udid":"11178811c6a412d9","network_type":"wifi","mem_total":"5955.6","mem_idle":"4728.4","cpu_model":"AArch64 Processor rev 4 (aarch64)","cpu_clockspeed"
REQ GET /internalquery host=nstool.netease.com len=0
  -> SERVE internalquery
REQ POST /client/mobile_upload/ host=data-detect.nie.netease.com len=621
  BODY b'{"product":"h45na","server_name":"test","server_port":"0","data_type":"1","os":"Android","os_version":"9","mobile_type":"Redmi 22081212C","collect_condition":"33","channel_name":"netease_global","start_time":"1789435850","finish_time":"1789435850","push_time":"1789435849","device_model":"22081212C","project":"h45na","source":"netease_p1","time_cost":"100","udid":"11178811c6a412d9","network_type":"wifi","mem_total":"5955.6","mem_idle":"4728.4","cpu_model":"AArch64 Processor rev 4 (aarch64)","cpu_clockspeed
