T14-complete plist: 560 bytes
T18 server_list_ad.txt: 122 bytes
09:56:40 === local_baseapp_capture START ===
09:56:40 === HTTP plain :80 ===
09:56:40 === HTTP TLS :443 ===
09:56:40 === HTTP TLS :8443 ===
09:56:40 === FAKE LOGINAPP UDP :25000 LISTENING (will reply with LoginReplyRecord) ===
09:56:40 === FAKE BASEAPP UDP :25010 LISTENING (capture-only, no reply) ===
09:56:40 All listeners started. Waiting...
REQ GET /pl/h45na_hc host=g61.update.easebar.com len=0
  -> SERVE h45na_hc (empty hash check -> no patches)
REQ GET /pl/npk_version_na_android.plist host=g61.update.easebar.com len=0
  -> SERVE T14-fixed plist (560 bytes)
REQ GET /v1 host=whoami.nie.easebar.com len=0
  -> SERVE whoami /v1
REQ GET /lighten/pharos_isp.txt host=impression.update.netease.com len=0
  -> SERVE pharos_isp.txt
REQ GET /server_list_ad.txt host=h45na.update.easebar.com len=0
  -> SERVE server_list_ad.txt (122 bytes)
REQ GET /server_list_ad.txt host=h45na.update.easebar.com len=0
  -> SERVE server_list_ad.txt (122 bytes)
REQ POST / host=sigma-keypoint-h45na.proxima.nie.easebar.com len=288
  BODY b'{"keypoint": "channelLogin", "time": 1789437427.9363101, "udid": "11178811c6a412d9", "device": "#22081212C#Qualcomm Technologies, Inc MSM8998#4#0#Adreno (TM) 750", "package_version": "1.610377.506841", "patch_version": "1.0.0.en", "sequence": 0, "os_name": "Android", "os_version": "Pie"}'
09:57:07 LOGINAPP UDP RECV 9 bytes from 127.0.0.1:49382
  -> SERVE root / (200 OK)
09:57:07   HEX: 68656c6c6f20726f73
09:57:07 ATTEMPT_H (default): replyID=0x00007220 status=1 + 20-byte body, length=25
09:57:07 LOGINAPP UDP SENT framed reply (34 bytes) to 127.0.0.1:49382: 0100ff190000002072000001ac10010261b20000ac10010261b20000785634120000
REQ POST / host=sigma-keypoint-h45na.proxima.nie.easebar.com len=329
  BODY b'{"keypoint": "requestServerList", "extraData": "{\\"success\\": true}", "time": 1789437427.9304509, "udid": "11178811c6a412d9", "device": "#22081212C#Qualcomm Technologies, Inc MSM8998#4#0#Adreno (TM) 750", "package_version": "1.610377.506841", "patch_version": "1.0.0.en", "sequence": 0, "os_name": "Android", "os_version": "Pie"}'
  -> SERVE root / (200 OK)
09:57:07 LOGINAPP UDP RECV 9 bytes from 127.0.0.1:49383
09:57:07   HEX: 68656c6c6f20726f73
09:57:07 ATTEMPT_H (default): replyID=0x00007220 status=1 + 20-byte body, length=25
09:57:07 LOGINAPP UDP SENT framed reply (34 bytes) to 127.0.0.1:49383: 0100ff190000002072000001ac10010261b20000ac10010261b20000785634120000
09:57:07 LOGINAPP UDP RECV 9 bytes from 127.0.0.1:49385
09:57:07   HEX: 68656c6c6f20726f73
09:57:07 ATTEMPT_H (default): replyID=0x00007220 status=1 + 20-byte body, length=25
09:57:07 LOGINAPP UDP SENT framed reply (34 bytes) to 127.0.0.1:49385: 0100ff190000002072000001ac10010261b20000ac10010261b20000785634120000
09:57:07 LOGINAPP UDP RECV 9 bytes from 127.0.0.1:49386
09:57:07   HEX: 68656c6c6f20726f73
09:57:07 ATTEMPT_H (default): replyID=0x00007220 status=1 + 20-byte body, length=25
09:57:07 LOGINAPP UDP SENT framed reply (34 bytes) to 127.0.0.1:49386: 0100ff190000002072000001ac10010261b20000ac10010261b20000785634120000
REQ GET /internalquery host=nstool.netease.com len=0
  -> SERVE internalquery
REQ POST /client/mobile_upload/ host=data-detect.nie.netease.com len=821
  BODY b'{"product":"h45na","server_name":"test","server_port":"0","data_type":"1","os":"Android","os_version":"9","mobile_type":"Redmi 22081212C","collect_condition":"32","server_list_host":"g61.update.easebar.com","ip_server_list_host":"2405:3200:500:18f::f4d","channel_name":"netease_global","start_time":"1789437431","finish_time":"1789437431","url":"g61.update.easebar.com/pl/npk_version_na_android.plist","push_time":"1789437431","device_model":"22081212C","download_id":"bf6806437a5f474e8275c134aad2728f","projec
REQ GET /internalquery host=nstool.netease.com len=0
  -> SERVE internalquery
REQ POST /client/mobile_upload/ host=data-detect.nie.netease.com len=620
  BODY b'{"product":"h45na","server_name":"test","server_port":"0","data_type":"1","os":"Android","os_version":"9","mobile_type":"Redmi 22081212C","collect_condition":"33","channel_name":"netease_global","start_time":"1789437432","finish_time":"1789437432","push_time":"1789437431","device_model":"22081212C","project":"h45na","source":"netease_p1","time_cost":"55","udid":"11178811c6a412d9","network_type":"wifi","mem_total":"5955.6","mem_idle":"4827.0","cpu_model":"AArch64 Processor rev 4 (aarch64)","cpu_clockspeed"
REQ GET /internalquery host=nstool.netease.com len=0
  -> SERVE internalquery
REQ POST /client/mobile_upload/ host=data-detect.nie.netease.com len=621
  BODY b'{"product":"h45na","server_name":"test","server_port":"0","data_type":"1","os":"Android","os_version":"9","mobile_type":"Redmi 22081212C","collect_condition":"33","channel_name":"netease_global","start_time":"1789437432","finish_time":"1789437432","push_time":"1789437431","device_model":"22081212C","project":"h45na","source":"netease_p1","time_cost":"100","udid":"11178811c6a412d9","network_type":"wifi","mem_total":"5955.6","mem_idle":"4827.0","cpu_model":"AArch64 Processor rev 4 (aarch64)","cpu_clockspeed
REQ GET /notice_pc_hw.txt host=h45na.update.easebar.com len=0
  -> SERVE notice (30 bytes)
REQ GET /notice_pc_hw.txt host=h45na.update.easebar.com len=0
  -> SERVE notice (30 bytes)
REQ POST / host=sigma-keypoint-h45na.proxima.nie.easebar.com len=571
  BODY b'{"keypoint": "channelLoginSuc", "extraData": "{\\"code\\": 0}", "time": 1789437434.689595, "platform": "ad", "device_id": "fake_device_ros_re", "sdk_version": "2.13.0", "uid": "guest_11178811c6a412d9", "udid": "11178811c6a412d9", "channel": "netease_global", "app_channel": "google_play", "pay_channel": "google_play", "download_id": "bf6806437a5f474e8275c134aad2728f", "device": "#22081212C#Qualcomm Technologies, Inc MSM8998#4#0#Adreno (TM) 750", "package_version": "1.610377.506841", "patch_version": "1.0.0
  -> SERVE root / (200 OK)
REQ POST / host=sigma-keypoint-h45na.proxima.nie.easebar.com len=584
  BODY b'{"keypoint": "requestSysNotice_Auto", "extraData": "{\\"success\\": true}", "time": 1789437434.6799109, "platform": "ad", "device_id": "fake_device_ros_re", "sdk_version": "2.13.0", "uid": "guest_11178811c6a412d9", "udid": "11178811c6a412d9", "channel": "netease_global", "app_channel": "google_play", "pay_channel": "google_play", "download_id": "bf6806437a5f474e8275c134aad2728f", "device": "#22081212C#Qualcomm Technologies, Inc MSM8998#4#0#Adreno (TM) 750", "package_version": "1.610377.506841", "patch_ver
  -> SERVE root / (200 OK)
REQ GET /notice_pc_hw.txt host=h45na.update.easebar.com len=0
  -> SERVE notice (30 bytes)
REQ GET /notice_pc_hw.txt host=h45na.update.easebar.com len=0
  -> SERVE notice (30 bytes)
REQ POST / host=sigma-keypoint-h45na.proxima.nie.easebar.com len=583
  BODY b'{"keypoint": "requestSysNotice_Auto", "extraData": "{\\"success\\": true}", "time": 1789437438.585505, "platform": "ad", "device_id": "fake_device_ros_re", "sdk_version": "2.13.0", "uid": "guest_11178811c6a412d9", "udid": "11178811c6a412d9", "channel": "netease_global", "app_channel": "google_play", "pay_channel": "google_play", "download_id": "bf6806437a5f474e8275c134aad2728f", "device": "#22081212C#Qualcomm Technologies, Inc MSM8998#4#0#Adreno (TM) 750", "package_version": "1.610377.506841", "patch_vers
  -> SERVE root / (200 OK)
09:58:18 LOGINAPP UDP RECV 273 bytes from 127.0.0.1:50545
09:58:18   HEX: 0100000401c77d000000002b000000912bed210e2ab1c2a589b8f596553dd5b02b3cececa2400cf5f7e605b9d670521a8bdd5b1e5f3f4ca02d7db71a1b0c1e5601d0a0f99c3ce2c92787989512f109f76834cdc552d4e5f5bbf1246e82822ab339cc6dfdb148b5c149cdb1b056a0179f71f09f719b9c98e1474546c2aa5e7bdefe7f433d8b201c475d44b9c6fe0dd02dd7bad2d1b1a6fe4bf1262f9a49098b5e19b9e9ad6cc3249985141f26cd6b626a93baea040ef819dcff6a3d278ebd677b9b5932b0d252b548eaf2d50605f3068841755de1bcde2908ea7b4961e0dcabc0c049f1bf2c81c71b7159c178fe131a6b2638f4dedf18d82563e27da634f0a7ce81f15d43da4516a33fd47217f06ea60200
09:58:18 ATTEMPT_H (default): replyID=0x00007dc7 status=1 + 20-byte body, length=25
09:58:18 LOGINAPP UDP SENT framed reply (34 bytes) to 127.0.0.1:50545: 0100ff19000000c77d000001ac10010261b20000ac10010261b20000785634120000
REQ GET /lighten/pharos_isp.txt host=impression.update.netease.com len=0
  -> SERVE pharos_isp.txt
REQ POST / host=sigma-keypoint-h45na.proxima.nie.easebar.com len=583
  BODY b'{"keypoint": "connectLoginHostCallback", "extraData": "{\\"status\\": 2}", "time": 1789437503.8677721, "platform": "ad", "device_id": "fake_device_ros_re", "sdk_version": "2.13.0", "uid": "guest_11178811c6a412d9", "udid": "11178811c6a412d9", "channel": "netease_global", "app_channel": "google_play", "pay_channel": "google_play", "download_id": "bf6806437a5f474e8275c134aad2728f", "device": "#22081212C#Qualcomm Technologies, Inc MSM8998#4#0#Adreno (TM) 750", "package_version": "1.610377.506841", "patch_vers
  -> SERVE root / (200 OK)
