strace: Process 21283 attached with 107 threads
strace: [ Process PID=21510 runs in x32 mode. ]
strace: WARNING: Proper structure decoding for this personality is not supported, please consider building strace with mpers support enabled.
strace: [ Process PID=21510 runs in 64 bit mode. ]
strace: Process 21696 attached
strace: Process 21698 attached
strace: Process 21699 attached
strace: Process 21283 detached
strace: Process 21299 detached
strace: Process 21300 detached
strace: Process 21301 detached
strace: Process 21302 detached
strace: Process 21303 detached
strace: Process 21304 detached
strace: Process 21305 detached
strace: Process 21312 detached
strace: Process 21313 detached
strace: Process 21315 detached
strace: Process 21316 detached
strace: Process 21334 detached
strace: Process 21335 detached
strace: Process 21344 detached
strace: Process 21347 detached
strace: Process 21349 detached
strace: Process 21354 detached
strace: Process 21359 detached
strace: Process 21377 detached
strace: Process 21378 detached
strace: Process 21379 detached
strace: Process 21380 detached
strace: Process 21382 detached
strace: Process 21383 detached
strace: Process 21384 detached
strace: Process 21386 detached
strace: Process 21387 detached
strace: Process 21388 detached
strace: Process 21389 detached
strace: Process 21391 detached
strace: Process 21394 detached
strace: Process 21397 detached
strace: Process 21399 detached
strace: Process 21412 detached
strace: Process 21413 detached
strace: Process 21421 detached
strace: Process 21422 detached
strace: Process 21428 detached
strace: Process 21429 detached
strace: Process 21430 detached
strace: Process 21432 detached
strace: Process 21433 detached
strace: Process 21434 detached
strace: Process 21436 detached
strace: Process 21442 detached
strace: Process 21443 detached
strace: Process 21446 detached
strace: Process 21447 detached
strace: Process 21448 detached
strace: Process 21449 detached
strace: Process 21450 detached
strace: Process 21451 detached
strace: Process 21452 detached
strace: Process 21467 detached
strace: Process 21468 detached
strace: Process 21470 detached
strace: Process 21471 detached
strace: Process 21473 detached
strace: Process 21475 detached
strace: Process 21477 detached
strace: Process 21479 detached
strace: Process 21480 detached
strace: Process 21481 detached
strace: Process 21486 detached
strace: Process 21492 detached
strace: Process 21495 detached
strace: Process 21496 detached
strace: Process 21497 detached
strace: Process 21504 detached
strace: Process 21508 detached
strace: Process 21510 detached
strace: Process 21511 detached
strace: Process 21512 detached
strace: Process 21513 detached
strace: Process 21514 detached
strace: Process 21515 detached
strace: Process 21516 detached
strace: Process 21517 detached
strace: Process 21535 detached
strace: Process 21536 detached
strace: Process 21537 detached
strace: Process 21538 detached
strace: Process 21545 detached
strace: Process 21565 detached
strace: Process 21568 detached
strace: Process 21593 detached
strace: Process 21594 detached
strace: Process 21627 detached
strace: Process 21633 detached
