strace: Process 20126 attached with 107 threads
strace: [ Process PID=20356 runs in x32 mode. ]
strace: WARNING: Proper structure decoding for this personality is not supported, please consider building strace with mpers support enabled.
strace: [ Process PID=20356 runs in 64 bit mode. ]
strace: Process 20591 attached
strace: Process 20592 attached
strace: Process 20593 attached
strace: Process 20594 attached
strace: Process 20595 attached
strace: Process 20596 attached
strace: Process 20597 attached
strace: Process 20598 attached
strace: Process 20599 attached
strace: Process 20600 attached
strace: Process 20601 attached
strace: Process 20602 attached
strace: Process 20603 attached
strace: Process 20604 attached
strace: Process 20607 attached
strace: Process 20608 attached
strace: Process 20621 attached
strace: Process 20622 attached
strace: Process 20624 attached
strace: Process 20126 detached
strace: Process 20137 detached
strace: Process 20138 detached
strace: Process 20139 detached
strace: Process 20140 detached
strace: Process 20141 detached
strace: Process 20142 detached
strace: Process 20143 detached
strace: Process 20149 detached
strace: Process 20151 detached
strace: Process 20152 detached
strace: Process 20153 detached
strace: Process 20169 detached
strace: Process 20170 detached
strace: Process 20178 detached
strace: Process 20182 detached
strace: Process 20184 detached
strace: Process 20189 detached
strace: Process 20195 detached
strace: Process 20214 detached
strace: Process 20215 detached
strace: Process 20216 detached
strace: Process 20217 detached
strace: Process 20219 detached
strace: Process 20221 detached
strace: Process 20222 detached
strace: Process 20224 detached
strace: Process 20225 detached
strace: Process 20226 detached
strace: Process 20227 detached
strace: Process 20230 detached
strace: Process 20233 detached
strace: Process 20236 detached
strace: Process 20238 detached
strace: Process 20250 detached
strace: Process 20252 detached
strace: Process 20261 detached
strace: Process 20262 detached
strace: Process 20277 detached
strace: Process 20278 detached
strace: Process 20279 detached
strace: Process 20280 detached
strace: Process 20281 detached
strace: Process 20282 detached
strace: Process 20283 detached
strace: Process 20284 detached
strace: Process 20286 detached
strace: Process 20287 detached
strace: Process 20288 detached
strace: Process 20290 detached
strace: Process 20291 detached
strace: Process 20292 detached
strace: Process 20293 detached
strace: Process 20294 detached
strace: Process 20309 detached
strace: Process 20310 detached
strace: Process 20312 detached
strace: Process 20313 detached
strace: Process 20315 detached
strace: Process 20318 detached
strace: Process 20319 detached
strace: Process 20321 detached
strace: Process 20322 detached
strace: Process 20323 detached
strace: Process 20328 detached
strace: Process 20331 detached
strace: Process 20336 detached
strace: Process 20340 detached
strace: Process 20341 detached
strace: Process 20342 detached
strace: Process 20344 detached
strace: Process 20351 detached
strace: Process 20356 detached
strace: Process 20357 detached
strace: Process 20358 detached
strace: Process 20359 detached
strace: Process 20364 detached
strace: Process 20365 detached
strace: Process 20366 detached
strace: Process 20367 detached
strace: Process 20383 detached
strace: Process 20384 detached
strace: Process 20385 detached
strace: Process 20386 detached
strace: Process 20393 detached
strace: Process 20413 detached
strace: Process 20436 detached
strace: Process 20437 detached
strace: Process 20439 detached
strace: Process 20517 detached
strace: Process 20523 detached
